[colorlib.com/preview/theme/weddingdreams/index.html]
[backblue.gif]
[fade.gif]
[index.html]
[colorlib.com/preview/theme/weddingdreams/css/bootstrap.min.css]
[colorlib.com/preview/theme/weddingdreams/css/font-awesome.min.css]
[colorlib.com/preview/theme/weddingdreams/css/elegant-icons.css]
[colorlib.com/preview/theme/weddingdreams/css/owl.carousel.min.css]
[colorlib.com/preview/theme/weddingdreams/css/nice-select.css]
[colorlib.com/preview/theme/weddingdreams/css/magnific-popup.css]
[colorlib.com/preview/theme/weddingdreams/css/slicknav.min.css]
[colorlib.com/preview/theme/weddingdreams/css/style.css]
[colorlib.com/preview/theme/weddingdreams/img/logo.png]
[colorlib.com/preview/theme/weddingdreams/index-2.html]
[colorlib.com/preview/theme/weddingdreams/services.html]
[colorlib.com/preview/theme/weddingdreams/portfolio.html]
[colorlib.com/preview/theme/weddingdreams/about.html]
[colorlib.com/preview/theme/weddingdreams/team.html]
[colorlib.com/preview/theme/weddingdreams/blog-details.html]
[colorlib.com/preview/theme/weddingdreams/blog.html]
[colorlib.com/preview/theme/weddingdreams/contact.html]
[colorlib.com/preview/theme/weddingdreams/img/hero.png]
[colorlib.com/preview/theme/weddingdreams/img/icon/hi.png]
[colorlib.com/preview/theme/weddingdreams/img/icon/ti.png]
[colorlib.com/preview/theme/weddingdreams/img/icon/si-1.png]
[colorlib.com/preview/theme/weddingdreams/img/icon/si-2.png]
[colorlib.com/preview/theme/weddingdreams/img/icon/si-3.png]
[colorlib.com/preview/theme/weddingdreams/img/icon/si-4.png]
[colorlib.com/preview/theme/weddingdreams/img/icon/si-5.png]
[colorlib.com/preview/theme/weddingdreams/img/icon/si-6.png]
[colorlib.com/preview/theme/weddingdreams/img/features/feature-1.jpg]
[colorlib.com/preview/theme/weddingdreams/img/features/feature-2.jpg]
[colorlib.com/preview/theme/weddingdreams/img/features/feature-3.jpg]
[colorlib.com/preview/theme/weddingdreams/img/features/feature-4.jpg]
[colorlib.com/preview/theme/weddingdreams/img/features/feature-5.jpg]
[colorlib.com/preview/theme/weddingdreams/img/features/feature-6.jpg]
[colorlib.com/preview/theme/weddingdreams/img/counter-bg.jpg]
[colorlib.com/preview/theme/weddingdreams/img/icon/ci-1.png]
[colorlib.com/preview/theme/weddingdreams/img/icon/ci-2.png]
[colorlib.com/preview/theme/weddingdreams/img/icon/ci-3.png]
[colorlib.com/preview/theme/weddingdreams/img/icon/ci-4.png]
[colorlib.com/preview/theme/weddingdreams/img/blog/latest-1.jpg]
[colorlib.com/preview/theme/weddingdreams/img/blog/latest-2.jpg]
[colorlib.com/preview/theme/weddingdreams/img/blog/latest-3.jpg]
[colorlib.com/preview/theme/weddingdreams/img/logo-carousel/lc-1.png]
[colorlib.com/preview/theme/weddingdreams/img/logo-carousel/lc-2.png]
[colorlib.com/preview/theme/weddingdreams/img/logo-carousel/lc-3.png]
[colorlib.com/preview/theme/weddingdreams/img/logo-carousel/lc-4.png]
[colorlib.com/preview/theme/weddingdreams/img/logo-carousel/lc-5.png]
[colorlib.com/preview/theme/weddingdreams/img/footer-logo.png]
[colorlib.com/cdn-cgi/scripts/5c5dd728/cloudflare-static/email-decode.min.js]
[colorlib.com/preview/theme/weddingdreams/js/jquery-3.3.1.min.js]
[colorlib.com/preview/theme/weddingdreams/js/bootstrap.min.js]
[colorlib.com/preview/theme/weddingdreams/js/jquery.magnific-popup.min.js]
[colorlib.com/preview/theme/weddingdreams/js/mixitup.min.js]
[colorlib.com/preview/theme/weddingdreams/js/jquery.nice-select.min.js]
[colorlib.com/preview/theme/weddingdreams/js/isotope.pkgd.min.js]
[colorlib.com/preview/theme/weddingdreams/js/masonry.pkgd.min.js]
[colorlib.com/preview/theme/weddingdreams/js/jquery.slicknav.js]
[colorlib.com/preview/theme/weddingdreams/js/owl.carousel.min.js]
[colorlib.com/preview/theme/weddingdreams/js/main.js]
[ajax.cloudflare.com/cdn-cgi/scripts/7089c43e/cloudflare-static/rocket-loader.min.js]
[colorlib.com/preview/theme/weddingdreams/index.html]
[colorlib.com/preview/theme/weddingdreams/css/bootstrap.min.css]
[static.cloudflareinsights.com/beacon.min.js]
[colorlib.com/preview/theme/weddingdreams/fonts/fontawesome-webfont3e6e.eot]
[colorlib.com/preview/theme/weddingdreams/fonts/fontawesome-webfontd41d.eot]
[colorlib.com/preview/theme/weddingdreams/fonts/fontawesome-webfont3e6e.woff2]
[colorlib.com/preview/theme/weddingdreams/fonts/fontawesome-webfont3e6e.woff]
[colorlib.com/preview/theme/weddingdreams/fonts/fontawesome-webfont3e6e.ttf]
[colorlib.com/preview/theme/weddingdreams/css/font-awesome.min.css]
[colorlib.com/preview/theme/weddingdreams/fonts/fontawesome-webfont3e6e.svg]
[colorlib.com/preview/theme/weddingdreams/fonts/ElegantIcons.eot]
[colorlib.com/preview/theme/weddingdreams/fonts/ElegantIconsd41d.eot]
[colorlib.com/preview/theme/weddingdreams/fonts/ElegantIcons.woff]
[colorlib.com/preview/theme/weddingdreams/fonts/ElegantIcons.ttf]
[colorlib.com/preview/theme/weddingdreams/css/elegant-icons.css]
[colorlib.com/preview/theme/weddingdreams/fonts/ElegantIcons.svg]
[colorlib.com/preview/theme/weddingdreams/css/owl.video.play.png]
[colorlib.com/preview/theme/weddingdreams/css/owl.carousel.min.css]
[colorlib.com/preview/theme/weddingdreams/css/nice-select.css]
[colorlib.com/preview/theme/weddingdreams/css/magnific-popup.css]
[colorlib.com/preview/theme/weddingdreams/css/slicknav.min.css]
[colorlib.com/preview/theme/weddingdreams/img/icon/form-left.png]
[colorlib.com/preview/theme/weddingdreams/img/icon/form-right.png]
[colorlib.com/preview/theme/weddingdreams/img/icon/arrow.png]
[colorlib.com/preview/theme/weddingdreams/img/icon/flower-img.png]
[colorlib.com/preview/theme/weddingdreams/css/style.css]
[colorlib.com/preview/theme/weddingdreams/index-2.html]
[colorlib.com/preview/theme/weddingdreams/img/breadcrumb-bg.jpg]
[colorlib.com/preview/theme/weddingdreams/img/icon/pricing-icon.png]
[colorlib.com/preview/theme/weddingdreams/services.html]
[colorlib.com/preview/theme/weddingdreams/img/portfolio/portfolio-1.jpg]
[colorlib.com/preview/theme/weddingdreams/img/portfolio/portfolio-2.jpg]
[colorlib.com/preview/theme/weddingdreams/img/portfolio/portfolio-4.jpg]
[colorlib.com/preview/theme/weddingdreams/img/portfolio/portfolio-3.jpg]
[colorlib.com/preview/theme/weddingdreams/img/portfolio/portfolio-5.jpg]
[colorlib.com/preview/theme/weddingdreams/img/portfolio/portfolio-6.jpg]
[colorlib.com/preview/theme/weddingdreams/img/portfolio/portfolio-9.jpg]
[colorlib.com/preview/theme/weddingdreams/img/portfolio/portfolio-7.jpg]
[colorlib.com/preview/theme/weddingdreams/img/portfolio/portfolio-10.jpg]
[colorlib.com/preview/theme/weddingdreams/img/portfolio/portfolio-8.jpg]
[colorlib.com/preview/theme/weddingdreams/portfolio.html]
[colorlib.com/preview/theme/weddingdreams/img/about/signature.png]
[colorlib.com/preview/theme/weddingdreams/img/about/about.png]
[colorlib.com/preview/theme/weddingdreams/img/about/ta-1.png]
[colorlib.com/preview/theme/weddingdreams/img/about/ta-2.png]
[colorlib.com/preview/theme/weddingdreams/img/team/team-1.png]
[colorlib.com/preview/theme/weddingdreams/img/team/team-2.png]
[colorlib.com/preview/theme/weddingdreams/img/team/team-3.png]
[colorlib.com/preview/theme/weddingdreams/about.html]
[colorlib.com/preview/theme/weddingdreams/img/team/team-4.png]
[colorlib.com/preview/theme/weddingdreams/img/team/team-5.png]
[colorlib.com/preview/theme/weddingdreams/img/team/team-6.png]
[colorlib.com/preview/theme/weddingdreams/img/team/team-7.png]
[colorlib.com/preview/theme/weddingdreams/img/team/team-8.png]
[colorlib.com/preview/theme/weddingdreams/img/team/team-9.png]
[colorlib.com/preview/theme/weddingdreams/img/team/callto-bg.png]
[colorlib.com/preview/theme/weddingdreams/team.html]
[colorlib.com/preview/theme/weddingdreams/img/blog/blog-1.jpg]
[colorlib.com/preview/theme/weddingdreams/img/blog/details/bd-1.jpg]
[colorlib.com/preview/theme/weddingdreams/img/blog/details/bd-2.jpg]
[colorlib.com/preview/theme/weddingdreams/img/blog/details/bd-3.jpg]
[colorlib.com/preview/theme/weddingdreams/img/blog/details/rp-1.jpg]
[colorlib.com/preview/theme/weddingdreams/img/blog/details/rp-2.jpg]
[colorlib.com/preview/theme/weddingdreams/img/blog/details/rp-3.jpg]
[colorlib.com/preview/theme/weddingdreams/img/blog/sidebar/br-1.jpg]
[colorlib.com/preview/theme/weddingdreams/img/blog/sidebar/br-2.jpg]
[colorlib.com/preview/theme/weddingdreams/img/blog/sidebar/br-3.jpg]
[colorlib.com/preview/theme/weddingdreams/img/blog/sidebar/br-4.jpg]
[colorlib.com/preview/theme/weddingdreams/img/blog/sidebar/bi-1.jpg]
[colorlib.com/preview/theme/weddingdreams/img/blog/sidebar/bi-2.jpg]
[colorlib.com/preview/theme/weddingdreams/img/blog/sidebar/bi-3.jpg]
[colorlib.com/preview/theme/weddingdreams/img/blog/sidebar/bi-4.jpg]
[colorlib.com/preview/theme/weddingdreams/img/blog/sidebar/bi-5.jpg]
[colorlib.com/preview/theme/weddingdreams/img/blog/sidebar/bi-6.jpg]
[colorlib.com/preview/theme/weddingdreams/img/blog/sidebar/bi-7.jpg]
[colorlib.com/preview/theme/weddingdreams/img/blog/sidebar/bi-8.jpg]
[colorlib.com/preview/theme/weddingdreams/blog-details.html]
[colorlib.com/preview/theme/weddingdreams/img/blog/blog-2.jpg]
[colorlib.com/preview/theme/weddingdreams/img/blog/blog-3.jpg]
[colorlib.com/preview/theme/weddingdreams/blog.html]
[colorlib.com/preview/theme/weddingdreams/contact.html]
[colorlib.com/preview/theme/weddingdreams/fonts/fontawesome-webfont3e6e.svg]
[colorlib.com/preview/theme/weddingdreams/fonts/ElegantIcons.svg]
[colorlib.com/preview/theme/weddingdreams/css/owl.video.play.html]
